1080° Snowboarding
64 Hanafuda: Tenshi no Yakusoku
64 Trump Collection: Alice no Waku Waku Trump World
64 de Hakken!! Tamagotchi: Minna de Tamagotchi World
64 Ōzumō
64 Ōzumō 2
AI Shogi 3
Aero Fighters Assault
Air Boarder 64
Bakuretsu Muteki Bangaiō
Bakushō Jinsei 64: Mezase! Resort Ō
Bass Hunter 64
Bass Masters 2000
Bass Rush: ECOGEAR PowerWorm Championship
Bust-A-Move 3 DX / Bust-A-Move 99 / Puzzle Bobble 64
Centre Court Tennis / Let's Smash
Choro Q 64 2: Hachamecha Grand Prix Race
Chōkūkan Night: Pro Yakyū King
Chōkūkan Night: Pro Yakyū King 2
ClayFighter 63⅓
ClayFighter: Sculptor's Cut
Custom Robo
Custom Robo V2
Daikatana
Dance Dance Revolution Disney Dancing Museum
Densha de Go! 64
Derby Stallion 64
Dezaemon 3D
Donald Duck: Quack Attack / Donald Duck: Goin' Quackers
Doraemon 2: Nobita to Hikari no Shinden
Doraemon 3: Nobita no Machi SOS!
Doraemon: Nobita to Mittsu no Seireiseki
Dōbutsu no Mori
Earthworm Jim 3D
Eiko no Saint Andrews
Elmo's Letter Adventure
Elmo's Number Journey
Extreme-G 2
F-1 World Grand Prix II
F1 Racing Championship
Famista 64
Fushigi no Dungeon: Fūrai no Shiren 2: Oni Shūrai! Shiren-jō!
Getter Love!!: Chō Renai Party Game Tanjō
Glover
Goemon Mononoke Sugoroku
Hamster Monogatari 64
Harukanaru Augusta Masters '98
Heiwa Pachinko World 64
Ide Yosuke no Mahjong Juku
Itoi Shigesato no Bass Tsuri No. 1 Kettehan!
J-League Dynamite Soccer 64
J-League Eleven Beat 1997
J-League Tactics Soccer
J. League Live 64
Jango Simulation Mahjong-do 64
Jikkyō GI Stable
Jikkyō J-League Perfect Striker
Jikkyō Powerful Pro Yakyu Basic-ban 2001
Jikkyō Powerful Pro Yakyū 2000
Jikkyō Powerful Pro Yakyū 4
Jikkyō Powerful Pro Yakyū 5
Jikkyō Powerful Pro Yakyū 6
Jinsei Game 64
Kiratto Kaiketsu! 64 Tanteidan
Last Legion UX
Mahjong 64
Mahjong Horoki Classic
Mahjong Master
Mario no Photopi
Morita Shogi 64
Mortal Kombat 4
Neon Genesis Evangelion
Nintama Rantarō 64 Game Gallery
Nushi Tsuri 64
Nushi Tsuri 64: Shiokaze Ninotte
Onegai Monsters
PD Ultraman Battle Collection 64
PGA European Tour Golf
Pachinko 365 Nichi
Parlor! Pro 64: Pachinko Jikki Simulation
Pocket Monsters Stadium
Pokémon Puzzle League
Pokémon Snap
Pokémon Stadium / Pokémon Stadium 2 JP
Power League 64
Premier Manager 64
Pro Mahjong Kiwame 64
Pro Shinan Mahjong Tsuwamono 64: Jansō Battle ni Chōsen
Puyo Puyo Sun 64
Puyo Puyo~n Party
Quake 64
Rakugakids
Ridge Racer 64
Robot Ponkottsu 64: Nanatsu no Umi no Caramel
S.D. Hiryū no Ken Densetsu
Saikyō Habu Shōgi
Shin Nippon Pro Wrestling: Toukon Road - Brave Spirits
Shin Nippon Pro Wrestling: Toukon Road 2- Next Generation
Sim City 2000
Sin and Punishment
Space Station Silicon Valley
Super B-Daman: Battle Phoenix 64
Super Robot Spirits
Super Robot Taisen 64
Superman: The New Superman Adventures
Susume! Taisen Puzzle Dama: Tōkon! Marutama Chō
Taz Express
Tetris 64
The Legend of Zelda: Majora's Mask
The Legend of Zelda: Ocarina of Time
The Powerpuff Girls: Chemical X-Traction
Twisted Edge Snowboarding
Ucchan Nanchan no Hono no Challenge: Denryu Ira Ira Bo
Virtual Pro Wrestling 2: Ōdō Keishō
Virtual Pro Wrestling 64
Wave Race 64
Wonder Project J2: Koruro no Mori no Josette
Yakochu II: Satsujin Koro
Zool: Majū Tsukai Densetsu